[crgems.club/index.html]
[backblue.gif]
[fade.gif]
[index.html]
[crgems.club/favicon.ico]
[maxcdn.bootstrapcdn.com/font-awesome/4.2.0/css/font-awesome.min.css]
[maxcdn.bootstrapcdn.com/bootstrap/3.3.1/css/bootstrap.min.css]
[crgems.club/css/jquery.mCustomScrollbar.css]
[crgems.club/css/theme.css]
[crgems.club/css/sticky.css]
[crgems.club/images/icon.png]
[crgems.club/images/gold.png]
[crgems.club/images/gems.png]
[crgems.club/fb.css]
[crgems.club/images/1.png]
[crgems.club/images/2.png]
[crgems.club/images/3.png]
[crgems.club/images/4.png]
[crgems.club/images/5.png]
[crgems.club/images/6.png]
[crgems.club/images/7.png]
[crgems.club/images/8.png]
[www.google-analytics.com/analytics.js]
[maxcdn.bootstrapcdn.com/bootstrap/3.3.1/js/bootstrap.min.js]
[crgems.club/index.html]
[maxcdn.bootstrapcdn.com/font-awesome/4.2.0/css/font-awesome.min.css]
[maxcdn.bootstrapcdn.com/bootstrap/3.3.1/css/bootstrap.min.css]
[crgems.club/css/jquery.mCustomScrollbar.css]
[crgems.club/images/bg.jpg]
[crgems.club/css/theme.css]
[crgems.club/css/sticky.css]
[crgems.club/sprite.png]
[code.jquery.com/jquery-1.11.1.min.js]
[crgems.club/fb.css]
