[backblue.gif]
[fade.gif]
[index.html]
[instantgems.us/js/scripts.js]
[instantgems.us/react/vendors.js]
[instantgems.us/react/app.js]
[instantgems.us/index.html]
[instantgems.us/fonts/glyphicons-halflings-regular.eot]
[instantgems.us/fonts/glyphicons-halflings-regulard41d_162a16fe.eot]
[instantgems.us/fonts/glyphicons-halflings-regular.woff]
[instantgems.us/fonts/glyphicons-halflings-regular.ttf]
[instantgems.us/fonts/fontawesome-webfont5b62_cdea907a.eot]
[instantgems.us/fonts/fontawesome-webfontd41d_162a16fe.eot]
[instantgems.us/fonts/fontawesome-webfont5b62_cdea907a.woff]
[instantgems.us/fonts/fontawesome-webfont5b62_cdea907a.ttf]
[instantgems.us/css/_bower.css]
[instantgems.us/css/sweetalert.css]
[instantgems.us/img/background.jpg]
[instantgems.us/fonts/supercell-magic-webfont-webfont.eot]
[instantgems.us/fonts/supercell-magic-webfont-webfontd41d_162a16fe.eot]
[instantgems.us/fonts/supercell-magic-webfont-webfont.woff]
[instantgems.us/fonts/supercell-magic-webfont-webfont.ttf]
[instantgems.us/fonts/WhitneyPro-Bold.eot]
[instantgems.us/fonts/WhitneyPro-Boldd41d_162a16fe.eot]
[instantgems.us/fonts/WhitneyPro-Bold.woff]
[instantgems.us/fonts/WhitneyPro-Bold.ttf]
[instantgems.us/fonts/WhitneyPro-Book.eot]
[instantgems.us/fonts/WhitneyPro-Bookd41d_162a16fe.eot]
[instantgems.us/fonts/WhitneyPro-Book.woff]
[instantgems.us/fonts/WhitneyPro-Book.ttf]
[instantgems.us/fonts/WhitneyPro-Light.eot]
[instantgems.us/fonts/WhitneyPro-Lightd41d_162a16fe.eot]
[instantgems.us/fonts/WhitneyPro-Light.woff]
[instantgems.us/fonts/WhitneyPro-Light.ttf]
[instantgems.us/fonts/WhitneyPro-Medium.eot]
[instantgems.us/fonts/WhitneyPro-Mediumd41d_162a16fe.eot]
[instantgems.us/fonts/WhitneyPro-Medium.woff]
[instantgems.us/fonts/WhitneyPro-Medium.ttf]
[instantgems.us/fonts/WhitneyPro-Black.31.delayed]
